// Jest Snapshot v1, https://goo.gl/fbAQLP

exports[`<CustomActivityIndicator /> should render properly and match the snapshot 1`] = `
<View
  center={true}
  style={
    Object {
      "alignItems": "center",
      "flex": 1,
      "justifyContent": "center",
    }
  }
>
  <Image
    collapsable={undefined}
    source={1}
    style={
      Object {
        "height": 30,
        "tintColor": "#777777",
        "transform": Array [
          Object {
            "rotate": "0deg",
          },
        ],
        "width": 30,
      }
    }
  />
</View>
`;
