// Jest Snapshot v1, https://goo.gl/fbAQLP

exports[`<SplashScreen /> should match snapshot 1`] = `null`;
